<html>
<body>
<pre>
<h1>µVision Build Log</h1>
<h2>Project:</h2>
C:\Users\Administrator\Documents\timer_cortex\timer_int.uvproj
Project File Date:  05/02/2017

<h2>Output:</h2>
Build target 'Target 1'
assembling startup_LPC17xx.s...
compiling timer_interrupt.c...
compiling system_LPC17xx.c...
C:\Users\Administrator\Desktop\LPC17xx.h(1032): warning:  #1-D: last line of file ends without a newline
C:\Users\Administrator\Desktop\LPC17xx.h:   #endif  // __LPC17xx_H__
C:\Users\Administrator\Desktop\LPC17xx.h:                           ^
C:\Users\Administrator\Desktop\LPC17xx.h: C:\Users\Administrator\Desktop\system_LPC17xx.c: 1 warning, 0 errors
linking...
Program Size: Code=1184 RO-data=236 RW-data=8 ZI-data=608  
FromELF: creating hex file...
"timer_int.axf" - 0 Error(s), 1 Warning(s).
Build target 'Target 1'
compiling timer_interrupt.c...
linking...
Program Size: Code=1188 RO-data=236 RW-data=8 ZI-data=608  
FromELF: creating hex file...
"timer_int.axf" - 0 Error(s), 0 Warning(s).
Build target 'Target 1'
compiling timer_interrupt.c...
linking...
Program Size: Code=1188 RO-data=236 RW-data=8 ZI-data=608  
FromELF: creating hex file...
"timer_int.axf" - 0 Error(s), 0 Warning(s).
Build target 'Target 1'
compiling timer_interrupt.c...
linking...
Program Size: Code=1188 RO-data=236 RW-data=8 ZI-data=608  
FromELF: creating hex file...
"timer_int.axf" - 0 Error(s), 0 Warning(s).
Build target 'Target 1'
compiling timer_interrupt.c...
linking...
Program Size: Code=1184 RO-data=236 RW-data=8 ZI-data=608  
FromELF: creating hex file...
"timer_int.axf" - 0 Error(s), 0 Warning(s).
Build target 'Target 1'
compiling timer_interrupt.c...
linking...
Program Size: Code=1168 RO-data=236 RW-data=4 ZI-data=612  
FromELF: creating hex file...
"timer_int.axf" - 0 Error(s), 0 Warning(s).
Build target 'Target 1'
compiling timer_interrupt.c...
linking...
Program Size: Code=1136 RO-data=236 RW-data=4 ZI-data=612  
FromELF: creating hex file...
"timer_int.axf" - 0 Error(s), 0 Warning(s).
Build target 'Target 1'
compiling timer_interrupt.c...
linking...
Program Size: Code=1168 RO-data=236 RW-data=4 ZI-data=612  
FromELF: creating hex file...
"timer_int.axf" - 0 Error(s), 0 Warning(s).
Build target 'Target 1'
compiling timer_interrupt.c...
linking...
Program Size: Code=1168 RO-data=236 RW-data=4 ZI-data=612  
FromELF: creating hex file...
"timer_int.axf" - 0 Error(s), 0 Warning(s).
Build target 'Target 1'
compiling timer_interrupt.c...
linking...
Program Size: Code=1168 RO-data=236 RW-data=4 ZI-data=612  
FromELF: creating hex file...
"timer_int.axf" - 0 Error(s), 0 Warning(s).
Build target 'Target 1'
compiling timer_interrupt.c...
linking...
Program Size: Code=1168 RO-data=236 RW-data=4 ZI-data=612  
FromELF: creating hex file...
"timer_int.axf" - 0 Error(s), 0 Warning(s).
Build target 'Target 1'
compiling timer_interrupt.c...
linking...
Program Size: Code=1168 RO-data=236 RW-data=4 ZI-data=612  
FromELF: creating hex file...
"timer_int.axf" - 0 Error(s), 0 Warning(s).
Build target 'Target 1'
compiling timer_interrupt.c...
linking...
Program Size: Code=1168 RO-data=236 RW-data=4 ZI-data=612  
FromELF: creating hex file...
"timer_int.axf" - 0 Error(s), 0 Warning(s).
Build target 'Target 1'
compiling timer_interrupt.c...
linking...
Program Size: Code=1168 RO-data=236 RW-data=4 ZI-data=612  
FromELF: creating hex file...
"timer_int.axf" - 0 Error(s), 0 Warning(s).
Build target 'Target 1'
compiling timer_interrupt.c...
linking...
Program Size: Code=1168 RO-data=236 RW-data=4 ZI-data=612  
FromELF: creating hex file...
"timer_int.axf" - 0 Error(s), 0 Warning(s).
Build target 'Target 1'
compiling timer_interrupt.c...
linking...
Program Size: Code=1204 RO-data=236 RW-data=8 ZI-data=608  
FromELF: creating hex file...
"timer_int.axf" - 0 Error(s), 0 Warning(s).
