<html>
<body>
<pre>
<h1>µVision Build Log</h1>
<h2>Project:</h2>
C:\Users\Administrator\Documents\buzzer_cortex\buzzer.uvproj
Project File Date:  05/01/2017

<h2>Output:</h2>
Build target 'Target 1'
assembling startup_LPC17xx.s...
compiling buzzer_program.c...
linking...
Program Size: Code=460 RO-data=308 RW-data=0 ZI-data=608  
"buzzer.axf" - 0 Error(s), 0 Warning(s).
Build target 'Target 1'
linking...
Program Size: Code=460 RO-data=308 RW-data=0 ZI-data=608  
FromELF: creating hex file...
"buzzer.axf" - 0 Error(s), 0 Warning(s).
Build target 'Target 1'
compiling buzzer_program.c...
linking...
Program Size: Code=460 RO-data=308 RW-data=0 ZI-data=608  
FromELF: creating hex file...
"buzzer.axf" - 0 Error(s), 0 Warning(s).
Build target 'Target 1'
compiling buzzer_program.c...
linking...
Program Size: Code=460 RO-data=308 RW-data=0 ZI-data=608  
FromELF: creating hex file...
"buzzer.axf" - 0 Error(s), 0 Warning(s).
